// Jest Snapshot v1, https://goo.gl/fbAQLP

exports[`<RichTextEditor /> on initialization renders page correctly 1`] = `
<Slate
  editor={
    Object {
      "addMark": [Function],
      "apply": [Function],
      "children": Array [],
      "deleteBackward": [Function],
      "deleteForward": [Function],
      "deleteFragment": [Function],
      "history": Object {
        "redos": Array [],
        "undos": Array [],
      },
      "insertBreak": [Function],
      "insertData": [Function],
      "insertFragment": [Function],
      "insertNode": [Function],
      "insertText": [Function],
      "isInline": [Function],
      "isVoid": [Function],
      "marks": null,
      "normalizeNode": [Function],
      "onChange": [Function],
      "operations": Array [],
      "redo": [Function],
      "removeMark": [Function],
      "selection": null,
      "undo": [Function],
    }
  }
  onChange={[Function]}
  value={
    Array [
      Object {
        "children": Array [
          Object {
            "object": "text",
            "text": "My Heading",
          },
        ],
        "data": Object {},
        "object": "block",
        "type": "heading_one",
      },
      Object {
        "children": Array [
          Object {
            "object": "text",
            "text": "This is text. This is ",
          },
          Object {
            "italic": true,
            "object": "text",
            "text": "italic",
          },
          Object {
            "object": "text",
            "text": " text. This is ",
          },
          Object {
            "bold": true,
            "object": "text",
            "text": "bold",
          },
          Object {
            "object": "text",
            "text": " text. This is a ",
          },
          Object {
            "children": Array [
              Object {
                "object": "text",
                "text": "link",
              },
            ],
            "data": Object {
              "href": "https://clause.io",
              "title": "",
            },
            "object": "inline",
            "type": "link",
          },
          Object {
            "object": "text",
            "text": ". This is ",
          },
          Object {
            "code": true,
            "object": "text",
            "text": "inline code",
          },
          Object {
            "object": "text",
            "text": ".",
          },
        ],
        "data": Object {},
        "object": "block",
        "type": "paragraph",
      },
      Object {
        "children": Array [
          Object {
            "object": "text",
            "text": "This is ",
          },
          Object {
            "bold": true,
            "italic": true,
            "object": "text",
            "text": "bold and italic",
          },
          Object {
            "object": "text",
            "text": " text.",
          },
        ],
        "data": Object {},
        "object": "block",
        "type": "paragraph",
      },
      Object {
        "children": Array [
          Object {
            "object": "text",
            "text": "Breaks",
          },
        ],
        "data": Object {},
        "object": "block",
        "type": "heading_two",
      },
      Object {
        "children": Array [
          Object {
            "object": "text",
            "text": "This is a",
          },
          Object {
            "children": Array [
              Object {
                "text": "",
              },
            ],
            "data": Object {},
            "object": "inline",
            "type": "linebreak",
          },
          Object {
            "object": "text",
            "text": "hard break.",
          },
        ],
        "data": Object {},
        "object": "block",
        "type": "paragraph",
      },
      Object {
        "children": Array [
          Object {
            "object": "text",
            "text": "This is a",
          },
          Object {
            "children": Array [
              Object {
                "text": "",
              },
            ],
            "data": Object {},
            "object": "inline",
            "type": "softbreak",
          },
          Object {
            "object": "text",
            "text": "softbreak.",
          },
        ],
        "data": Object {},
        "object": "block",
        "type": "paragraph",
      },
      Object {
        "children": Array [
          Object {
            "text": "",
          },
        ],
        "data": Object {},
        "hr": true,
        "object": "block",
        "type": "horizontal_rule",
      },
      Object {
        "children": Array [
          Object {
            "object": "text",
            "text": "This ^^^^ is a thematic break",
          },
        ],
        "data": Object {},
        "object": "block",
        "type": "paragraph",
      },
      Object {
        "children": Array [
          Object {
            "children": Array [
              Object {
                "object": "text",
                "text": "",
              },
            ],
            "data": Object {
              "href": "https://docs.accordproject.org/docs/assets/020/template.png",
              "title": "AP triangle",
            },
            "object": "inline",
            "type": "image",
          },
        ],
        "data": Object {},
        "object": "block",
        "type": "paragraph",
      },
      Object {
        "block_quote": true,
        "children": Array [
          Object {
            "children": Array [
              Object {
                "object": "text",
                "text": "This is a quote.",
              },
            ],
            "data": Object {},
            "object": "block",
            "type": "paragraph",
          },
        ],
        "data": Object {},
        "object": "block",
        "type": "block_quote",
      },
      Object {
        "children": Array [
          Object {
            "object": "text",
            "text": "Heading Two",
          },
        ],
        "data": Object {},
        "object": "block",
        "type": "heading_two",
      },
      Object {
        "children": Array [
          Object {
            "object": "text",
            "text": "This is more text.",
          },
        ],
        "data": Object {},
        "object": "block",
        "type": "paragraph",
      },
      Object {
        "children": Array [
          Object {
            "object": "text",
            "text": "Below is a code block:",
          },
        ],
        "data": Object {},
        "object": "block",
        "type": "paragraph",
      },
      Object {
        "children": Array [
          Object {
            "children": Array [
              Object {
                "object": "text",
                "text": "this is my great
code
",
              },
            ],
            "data": Object {},
            "object": "block",
            "type": "paragraph",
          },
        ],
        "data": Object {},
        "object": "block",
        "type": "code_block",
      },
      Object {
        "children": Array [
          Object {
            "object": "text",
            "text": "Ordered lists:",
          },
        ],
        "data": Object {},
        "object": "block",
        "type": "paragraph",
      },
      Object {
        "children": Array [
          Object {
            "children": Array [
              Object {
                "children": Array [
                  Object {
                    "object": "text",
                    "text": "one",
                  },
                ],
                "data": Object {},
                "object": "block",
                "type": "paragraph",
              },
            ],
            "data": Object {},
            "object": "block",
            "type": "list_item",
          },
          Object {
            "children": Array [
              Object {
                "children": Array [
                  Object {
                    "object": "text",
                    "text": "two",
                  },
                ],
                "data": Object {},
                "object": "block",
                "type": "paragraph",
              },
            ],
            "data": Object {},
            "object": "block",
            "type": "list_item",
          },
          Object {
            "children": Array [
              Object {
                "children": Array [
                  Object {
                    "object": "text",
                    "text": "three",
                  },
                ],
                "data": Object {},
                "object": "block",
                "type": "paragraph",
              },
            ],
            "data": Object {},
            "object": "block",
            "type": "list_item",
          },
        ],
        "data": Object {
          "delimiter": "period",
          "start": "1",
          "tight": "true",
        },
        "object": "block",
        "type": "ol_list",
      },
      Object {
        "children": Array [
          Object {
            "object": "text",
            "text": "Or:",
          },
        ],
        "data": Object {},
        "object": "block",
        "type": "paragraph",
      },
      Object {
        "children": Array [
          Object {
            "children": Array [
              Object {
                "children": Array [
                  Object {
                    "object": "text",
                    "text": "apples",
                  },
                ],
                "data": Object {},
                "object": "block",
                "type": "paragraph",
              },
            ],
            "data": Object {},
            "object": "block",
            "type": "list_item",
          },
          Object {
            "children": Array [
              Object {
                "children": Array [
                  Object {
                    "object": "text",
                    "text": "pears",
                  },
                ],
                "data": Object {},
                "object": "block",
                "type": "paragraph",
              },
            ],
            "data": Object {},
            "object": "block",
            "type": "list_item",
          },
          Object {
            "children": Array [
              Object {
                "children": Array [
                  Object {
                    "object": "text",
                    "text": "peaches",
                  },
                ],
                "data": Object {},
                "object": "block",
                "type": "paragraph",
              },
            ],
            "data": Object {},
            "object": "block",
            "type": "list_item",
          },
        ],
        "data": Object {
          "delimiter": undefined,
          "start": undefined,
          "tight": "true",
        },
        "object": "block",
        "type": "ul_list",
      },
      Object {
        "children": Array [
          Object {
            "object": "text",
            "text": "Sub heading",
          },
        ],
        "data": Object {},
        "object": "block",
        "type": "heading_three",
      },
      Object {
        "children": Array [
          Object {
            "object": "text",
            "text": "This is more text.",
          },
        ],
        "data": Object {},
        "object": "block",
        "type": "paragraph",
      },
      Object {
        "children": Array [
          Object {
            "children": Array [
              Object {
                "html": true,
                "object": "text",
                "text": "<custom>
This is an html block.
</custom>",
              },
            ],
            "data": Object {},
            "object": "block",
            "type": "paragraph",
          },
        ],
        "data": Object {},
        "object": "block",
        "type": "html_block",
      },
      Object {
        "children": Array [
          Object {
            "object": "text",
            "text": "And this is ",
          },
          Object {
            "children": Array [
              Object {
                "text": "",
              },
            ],
            "data": Object {
              "content": "<variable>",
            },
            "object": "inline",
            "type": "html_inline",
          },
          Object {
            "object": "text",
            "text": "an HTML inline",
          },
          Object {
            "children": Array [
              Object {
                "text": "",
              },
            ],
            "data": Object {
              "content": "</variable>",
            },
            "object": "inline",
            "type": "html_inline",
          },
          Object {
            "object": "text",
            "text": ".",
          },
        ],
        "data": Object {},
        "object": "block",
        "type": "paragraph",
      },
      Object {
        "children": Array [
          Object {
            "object": "text",
            "text": "H1",
          },
        ],
        "data": Object {},
        "object": "block",
        "type": "heading_one",
      },
      Object {
        "children": Array [
          Object {
            "object": "text",
            "text": "H2",
          },
        ],
        "data": Object {},
        "object": "block",
        "type": "heading_two",
      },
      Object {
        "children": Array [
          Object {
            "object": "text",
            "text": "H3",
          },
        ],
        "data": Object {},
        "object": "block",
        "type": "heading_three",
      },
      Object {
        "children": Array [
          Object {
            "object": "text",
            "text": "H4",
          },
        ],
        "data": Object {},
        "object": "block",
        "type": "heading_four",
      },
      Object {
        "children": Array [
          Object {
            "object": "text",
            "text": "H5",
          },
        ],
        "data": Object {},
        "object": "block",
        "type": "heading_four",
      },
      Object {
        "children": Array [
          Object {
            "object": "text",
            "text": "H6",
          },
        ],
        "data": Object {},
        "object": "block",
        "type": "heading_five",
      },
      Object {
        "children": Array [
          Object {
            "object": "text",
            "text": "Fin.",
          },
        ],
        "data": Object {},
        "object": "block",
        "type": "paragraph",
      },
    ]
  }
>
  <FormattingToolbar
    canBeFormatted={[Function]}
    lockText={true}
  />
  <Editable
    autoFocus={true}
    onCopy={[Function]}
    onCut={[Function]}
    onKeyDown={[Function]}
    placeholder="Enter some rich text…"
    readOnly={false}
    renderElement={[Function]}
    renderLeaf={[Function]}
    spellCheck={true}
  />
</Slate>
`;
